// Jest Snapshot v1, https://goo.gl/fbAQLP

exports[`Metrics: FMP should compute a simulated value 1`] = `
Object {
  "optimistic": 1211,
  "pessimistic": 1498,
  "timing": 1355,
}
`;
